// Jest Snapshot v1, https://goo.gl/fbAQLP

exports[`App should render 1`] = `
<div
  className="app-container"
>
  <h1
    className="app-header"
  >
    React Boilerplate
  </h1>
  <p>
    Project contains:
  </p>
  <ul>
    <li>
      Webpack
    </li>
    <li>
      React
    </li>
    <li>
      Prettier
    </li>
    <li>
      Eslint
    </li>
    <li>
      Babel
    </li>
    <li>
      Autoprefixer
    </li>
    <li>
      Jest & Enzyme
    </li>
  </ul>
</div>
`;
